// Jest Snapshot v1, https://goo.gl/fbAQLP

exports[`matches snapshot 1`] = `
<DocumentFragment>
  <table>
    <tbody>
      <tr>
        <td
          class="Cell"
        />
        <td
          class="Cell"
        />
        <td
          class="Cell"
        />
      </tr>
      <tr>
        <td
          class="Cell"
        />
        <td
          class="Cell"
        />
        <td
          class="Cell"
        />
      </tr>
      <tr>
        <td
          class="Cell"
        />
        <td
          class="Cell"
        />
        <td
          class="Cell"
        />
      </tr>
    </tbody>
  </table>
</DocumentFragment>
`;
